2025-04-25 23:36:19.609  INFO 1360 --- [main] p.s.telegrambot.TelegramBotApplication   : Starting TelegramBotApplication using Java 17.0.12 on DESKTOP-8BE0O76 with PID 1360 (C:\RedSunRnD\Idea\telegram-bot\target\classes started by user in C:\RedSunRnD\Idea\telegram-bot)
2025-04-25 23:36:19.611  INFO 1360 --- [main] p.s.telegrambot.TelegramBotApplication   : No active profile set, falling back to 1 default profile: "default"
2025-04-25 23:36:19.893  INFO 1360 --- [main] .s.d.r.c.RepositoryConfigurationDelegate : Bootstrapping Spring Data JPA repositories in DEFAULT mode.
2025-04-25 23:36:19.919  INFO 1360 --- [main] .s.d.r.c.RepositoryConfigurationDelegate : Finished Spring Data repository scanning in 21 ms. Found 1 JPA repository interfaces.
2025-04-25 23:36:20.174  INFO 1360 --- [main] o.s.b.w.embedded.tomcat.TomcatWebServer  : Tomcat initialized with port(s): 8080 (http)
2025-04-25 23:36:20.180  INFO 1360 --- [main] o.apache.catalina.core.StandardService   : Starting service [Tomcat]
2025-04-25 23:36:20.180  INFO 1360 --- [main] org.apache.catalina.core.StandardEngine  : Starting Servlet engine: [Apache Tomcat/9.0.60]
2025-04-25 23:36:20.246  INFO 1360 --- [main] o.a.c.c.C.[Tomcat].[localhost].[/]       : Initializing Spring embedded WebApplicationContext
2025-04-25 23:36:20.246  INFO 1360 --- [main] w.s.c.ServletWebServerApplicationContext : Root WebApplicationContext: initialization completed in 612 ms
2025-04-25 23:36:20.365  INFO 1360 --- [main] com.zaxxer.hikari.HikariDataSource       : HikariPool-1 - Starting...
2025-04-25 23:36:20.491  INFO 1360 --- [main] com.zaxxer.hikari.HikariDataSource       : HikariPool-1 - Start completed.
2025-04-25 23:36:20.603  INFO 1360 --- [main] liquibase.database                       : Set default schema name to public
2025-04-25 23:36:20.645  INFO 1360 --- [main] liquibase.lockservice                    : Successfully acquired change log lock
2025-04-25 23:36:20.729  INFO 1360 --- [main] liquibase.changelog                      : Reading from public.databasechangelog
2025-04-25 23:36:20.744  INFO 1360 --- [main] liquibase.lockservice                    : Successfully released change log lock
2025-04-25 23:36:20.797  INFO 1360 --- [main] o.hibernate.jpa.internal.util.LogHelper  : HHH000204: Processing PersistenceUnitInfo [name: default]
2025-04-25 23:36:20.833  INFO 1360 --- [main] org.hibernate.Version                    : HHH000412: Hibernate ORM core version 5.6.7.Final
2025-04-25 23:36:20.938  INFO 1360 --- [main] o.hibernate.annotations.common.Version   : HCANN000001: Hibernate Commons Annotations {5.1.2.Final}
2025-04-25 23:36:21.004  INFO 1360 --- [main] org.hibernate.dialect.Dialect            : HHH000400: Using dialect: org.hibernate.dialect.PostgreSQL10Dialect
2025-04-25 23:36:21.298  INFO 1360 --- [main] o.h.e.t.j.p.i.JtaPlatformInitiator       : HHH000490: Using JtaPlatform implementation: [org.hibernate.engine.transaction.jta.platform.internal.NoJtaPlatform]
2025-04-25 23:36:21.304  INFO 1360 --- [main] j.LocalContainerEntityManagerFactoryBean : Initialized JPA EntityManagerFactory for persistence unit 'default'
2025-04-25 23:36:21.984  INFO 1360 --- [main] p.s.t.l.TelegramBotUpdatesListener       : Telegram bot updates listener initialized.
2025-04-25 23:36:21.998  WARN 1360 --- [main] JpaBaseConfiguration$JpaWebConfiguration : spring.jpa.open-in-view is enabled by default. Therefore, database queries may be performed during view rendering. Explicitly configure spring.jpa.open-in-view to disable this warning
2025-04-25 23:36:22.163  INFO 1360 --- [main] o.s.b.w.embedded.tomcat.TomcatWebServer  : Tomcat started on port(s): 8080 (http) with context path ''
2025-04-25 23:36:22.170  INFO 1360 --- [main] p.s.telegrambot.TelegramBotApplication   : Started TelegramBotApplication in 2.769 seconds (JVM running for 3.095)
2025-04-25 23:36:59.319  INFO 1360 --- [OkHttp https://api.telegram.org/...] p.s.t.l.TelegramBotUpdatesListener       : Processing update: Update{update_id=206738158, message=Message{message_id=39, from=User{id=420551469, is_bot=false, first_name='Владимир', last_name='null', username='RedSunRnD', language_code='ru', can_join_groups=null, can_read_all_group_messages=null, supports_inline_queries=null}, sender_chat=null, date=1745613419, chat=Chat{id=420551469, type=Private, first_name='Владимир', last_name='null', username='RedSunRnD', title='null', photo=null, bio='null', has_private_forwards=null, description='null', invite_link='null', pinned_message=null, permissions=null, slow_mode_delay=null, message_auto_delete_time=null, has_protected_content=null, sticker_set_name='null', can_set_sticker_set=null, linked_chat_id=null, location=null}, forward_from=null, forward_from_chat=null, forward_from_message_id=null, forward_signature='null', forward_sender_name='null', forward_date=null, is_automatic_forward=null, reply_to_message=null, via_bot=null, edit_date=null, has_protected_content=null, media_group_id='null', author_signature='null', text='25.04.2025 23:38 Пришли сообщение', entities=null, caption_entities=null, audio=null, document=null, animation=null, game=null, photo=null, sticker=null, video=null, voice=null, video_note=null, caption='null', contact=null, location=null, venue=null, poll=null, dice=null, new_chat_members=null, left_chat_member=null, new_chat_title='null', new_chat_photo=null, delete_chat_photo=null, group_chat_created=null, supergroup_chat_created=null, channel_chat_created=null, message_auto_delete_timer_changed=null, migrate_to_chat_id=null, migrate_from_chat_id=null, pinned_message=null, invoice=null, successful_payment=null, connected_website='null', passport_data=null, proximity_alert_triggered=null, voice_chat_started=null, voice_chat_ended=null, voice_chat_participants_invited=null, voice_chat_scheduled=null, reply_markup=null}, edited_message=null, channel_post=null, edited_channel_post=null, inline_query=null, chosen_inline_result=null, callback_query=null, shipping_query=null, pre_checkout_query=null, poll=null, poll_answer=null, my_chat_member=null, chat_member=null, chat_join_request=null}
2025-04-25 23:36:59.344  INFO 1360 --- [OkHttp https://api.telegram.org/...] p.s.t.l.TelegramBotUpdatesListener       : Notification created successfully for chatId=420551469 with dateTime=2025-04-25T23:38
2025-04-25 23:36:59.444  INFO 1360 --- [OkHttp https://api.telegram.org/...] p.s.t.l.TelegramBotUpdatesListener       : Notification created successfully for chatId=420551469
2025-04-25 23:37:18.054  INFO 1360 --- [OkHttp https://api.telegram.org/...] p.s.t.l.TelegramBotUpdatesListener       : Processing update: Update{update_id=206738159, message=Message{message_id=41, from=User{id=420551469, is_bot=false, first_name='Владимир', last_name='null', username='RedSunRnD', language_code='ru', can_join_groups=null, can_read_all_group_messages=null, supports_inline_queries=null}, sender_chat=null, date=1745613438, chat=Chat{id=420551469, type=Private, first_name='Владимир', last_name='null', username='RedSunRnD', title='null', photo=null, bio='null', has_private_forwards=null, description='null', invite_link='null', pinned_message=null, permissions=null, slow_mode_delay=null, message_auto_delete_time=null, has_protected_content=null, sticker_set_name='null', can_set_sticker_set=null, linked_chat_id=null, location=null}, forward_from=null, forward_from_chat=null, forward_from_message_id=null, forward_signature='null', forward_sender_name='null', forward_date=null, is_automatic_forward=null, reply_to_message=null, via_bot=null, edit_date=null, has_protected_content=null, media_group_id='null', author_signature='null', text='О', entities=null, caption_entities=null, audio=null, document=null, animation=null, game=null, photo=null, sticker=null, video=null, voice=null, video_note=null, caption='null', contact=null, location=null, venue=null, poll=null, dice=null, new_chat_members=null, left_chat_member=null, new_chat_title='null', new_chat_photo=null, delete_chat_photo=null, group_chat_created=null, supergroup_chat_created=null, channel_chat_created=null, message_auto_delete_timer_changed=null, migrate_to_chat_id=null, migrate_from_chat_id=null, pinned_message=null, invoice=null, successful_payment=null, connected_website='null', passport_data=null, proximity_alert_triggered=null, voice_chat_started=null, voice_chat_ended=null, voice_chat_participants_invited=null, voice_chat_scheduled=null, reply_markup=null}, edited_message=null, channel_post=null, edited_channel_post=null, inline_query=null, chosen_inline_result=null, callback_query=null, shipping_query=null, pre_checkout_query=null, poll=null, poll_answer=null, my_chat_member=null, chat_member=null, chat_join_request=null}
2025-04-25 23:37:18.057  WARN 1360 --- [OkHttp https://api.telegram.org/...] p.s.t.l.TelegramBotUpdatesListener       : Invalid message format received from chatId=420551469
2025-04-25 23:38:00.018  INFO 1360 --- [scheduling-1] p.s.t.l.TelegramBotUpdatesListener       : Found 1 notifications to send at time=2025-04-25T23:38
2025-04-25 23:38:00.019  INFO 1360 --- [scheduling-1] p.s.t.l.TelegramBotUpdatesListener       : Sending notification to chatId=420551469: Пришли сообщение
2025-04-25 23:38:00.121  INFO 1360 --- [scheduling-1] p.s.t.l.TelegramBotUpdatesListener       : Notification marked as done for chatId=420551469
